<?xml version="1.0" encoding="utf-8"?><testsuites><testsuite name="pytest" errors="0" failures="5" skipped="0" tests="7" time="202.847" timestamp="2025-02-03T22:53:46.481796" hostname="ArasakaStudio-ExternalCognitiveDevice.local"><testcase classname="tests.unit.test_smart_home_nlp" name="test_nlp_commands[\u6253\u5f00\u5ba2\u5385\u706f-light.living_room-expected_state0]" time="18.916"><failure message="AssertionError: assert False == True&#10; +  where False = DeviceParameter(name='power', type='boolean', description='电源状态', current_value=False, min_value=None, max_value=None, enum_values=None, unit=None).current_value">tests/unit/test_smart_home_nlp.py:159: in test_nlp_commands
    assert device.parameters[param].current_value == value
E   AssertionError: assert False == True
E    +  where False = DeviceParameter(name='power', type='boolean', description='电源状态', current_value=False, min_value=None, max_value=None, enum_values=None, unit=None).current_value</failure></testcase><testcase classname="tests.unit.test_smart_home_nlp" name="test_nlp_commands[\u5173\u95ed\u5367\u5ba4\u706f-light.bedroom-expected_state1]" time="21.992" /><testcase classname="tests.unit.test_smart_home_nlp" name="test_nlp_commands[\u6253\u5f00\u7a7a\u8c03-ac.living_room-expected_state2]" time="22.594"><failure message="AssertionError: assert False == True&#10; +  where False = DeviceParameter(name='power', type='boolean', description='电源状态', current_value=False, min_value=None, max_value=None, enum_values=None, unit=None).current_value">tests/unit/test_smart_home_nlp.py:159: in test_nlp_commands
    assert device.parameters[param].current_value == value
E   AssertionError: assert False == True
E    +  where False = DeviceParameter(name='power', type='boolean', description='电源状态', current_value=False, min_value=None, max_value=None, enum_values=None, unit=None).current_value</failure></testcase><testcase classname="tests.unit.test_smart_home_nlp" name="test_nlp_commands[\u5173\u95ed\u7a97\u5e18-curtain.bedroom-expected_state3]" time="24.005" /><testcase classname="tests.unit.test_smart_home_nlp" name="test_nlp_commands[\u628a\u5ba2\u5385\u706f\u8c03\u523050%\u4eae\u5ea6-light.living_room-expected_state4]" time="27.297"><failure message="AssertionError: assert 100 == 50&#10; +  where 100 = DeviceParameter(name='brightness', type='integer', description='亮度值', current_value=100, min_value=0, max_value=100, enum_values=None, unit=None).current_value">tests/unit/test_smart_home_nlp.py:159: in test_nlp_commands
    assert device.parameters[param].current_value == value
E   AssertionError: assert 100 == 50
E    +  where 100 = DeviceParameter(name='brightness', type='integer', description='亮度值', current_value=100, min_value=0, max_value=100, enum_values=None, unit=None).current_value</failure></testcase><testcase classname="tests.unit.test_smart_home_nlp" name="test_nlp_commands[\u7a7a\u8c03\u6e29\u5ea6\u8c03\u523024\u5ea6-ac.living_room-expected_state5]" time="51.781"><failure message="AssertionError: assert 26 == 24&#10; +  where 26 = DeviceParameter(name='temperature', type='integer', description='温度值', current_value=26, min_value=16, max_value=30, enum_values=None, unit=None).current_value">tests/unit/test_smart_home_nlp.py:159: in test_nlp_commands
    assert device.parameters[param].current_value == value
E   AssertionError: assert 26 == 24
E    +  where 26 = DeviceParameter(name='temperature', type='integer', description='温度值', current_value=26, min_value=16, max_value=30, enum_values=None, unit=None).current_value</failure></testcase><testcase classname="tests.unit.test_smart_home_nlp" name="test_nlp_commands[\u628a\u7a7a\u8c03\u8bbe\u7f6e\u6210\u5236\u51b7\u6a21\u5f0f-ac.living_room-expected_state6]" time="27.073"><failure message="AssertionError: assert 'auto' == 'cool'&#10;  - cool&#10;  + auto">tests/unit/test_smart_home_nlp.py:159: in test_nlp_commands
    assert device.parameters[param].current_value == value
E   AssertionError: assert 'auto' == 'cool'
E     - cool
E     + auto</failure></testcase><testcase time="0.000" /></testsuite></testsuites>